INFO: System starting
ERROR: Database connection failed
WARNING: Low memory
ERROR: Authentication error
ERROR: Invalid input
INFO: Process completed
